// Jest Snapshot v1, https://goo.gl/fbAQLP

exports[`It should match snapshot 1`] = `
<div>
  <div
    data-testid="redirect-component"
  />
</div>
`;
